[debug] [2026-05-21T07:15:00.313Z] ----------------------------------------------------------------------
[debug] [2026-05-21T07:15:00.317Z] Command:       C:\Program Files\nodejs\node.exe C:\Users\ASUS\AppData\Roaming\npm\node_modules\firebase-tools\lib\bin\firebase.js deploy
[debug] [2026-05-21T07:15:00.317Z] CLI Version:   15.11.0
[debug] [2026-05-21T07:15:00.317Z] Platform:      win32
[debug] [2026-05-21T07:15:00.317Z] Node Version:  v24.14.0
[debug] [2026-05-21T07:15:00.317Z] Time:          Thu May 21 2026 12:45:00 GMT+0530 (India Standard Time)
[debug] [2026-05-21T07:15:00.317Z] ----------------------------------------------------------------------
[debug] 
[debug] [2026-05-21T07:15:00.320Z] >>> [apiv2][query] GET https://firebase-public.firebaseio.com/cli.json [none]
[debug] [2026-05-21T07:15:04.437Z] > command requires scopes: ["email","openid","https://www.googleapis.com/auth/cloudplatformprojects.readonly","https://www.googleapis.com/auth/firebase","https://www.googleapis.com/auth/cloud-platform"]
[debug] [2026-05-21T07:15:04.437Z] > authorizing via signed-in user (tusharsoni.webdev@gmail.com)
[debug] [2026-05-21T07:15:04.437Z] [iam] checking project notes-7f730 for permissions ["datastore.indexes.create","datastore.indexes.delete","datastore.indexes.list","datastore.indexes.update","firebase.projects.get","firebasehosting.sites.update"]
[debug] [2026-05-21T07:15:04.439Z] Checked if tokens are valid: false, expires at: 1779208038667
[debug] [2026-05-21T07:15:04.439Z] Checked if tokens are valid: false, expires at: 1779208038667
[debug] [2026-05-21T07:15:04.439Z] > refreshing access token with scopes: []
[debug] [2026-05-21T07:15:04.441Z] >>> [apiv2][query] POST https://www.googleapis.com/oauth2/v3/token [none]
[debug] [2026-05-21T07:15:04.441Z] >>> [apiv2][body] POST https://www.googleapis.com/oauth2/v3/token [omitted]
[debug] [2026-05-21T07:15:04.636Z] <<< [apiv2][status] POST https://www.googleapis.com/oauth2/v3/token 200
[debug] [2026-05-21T07:15:04.636Z] <<< [apiv2][body] POST https://www.googleapis.com/oauth2/v3/token [omitted]
[debug] [2026-05-21T07:15:04.652Z] >>> [apiv2][query] POST https://cloudresourcemanager.googleapis.com/v1/projects/notes-7f730:testIamPermissions [none]
[debug] [2026-05-21T07:15:04.652Z] >>> [apiv2][(partial)header] POST https://cloudresourcemanager.googleapis.com/v1/projects/notes-7f730:testIamPermissions  x-goog-user-project=notes-7f730
[debug] [2026-05-21T07:15:04.653Z] >>> [apiv2][body] POST https://cloudresourcemanager.googleapis.com/v1/projects/notes-7f730:testIamPermissions {"permissions":["datastore.indexes.create","datastore.indexes.delete","datastore.indexes.list","datastore.indexes.update","firebase.projects.get","firebasehosting.sites.update"]}
[debug] [2026-05-21T07:15:05.078Z] <<< [apiv2][status] GET https://firebase-public.firebaseio.com/cli.json 200
[debug] [2026-05-21T07:15:05.078Z] <<< [apiv2][body] GET https://firebase-public.firebaseio.com/cli.json {"cloudBuildErrorAfter":1594252800000,"cloudBuildWarnAfter":1590019200000,"defaultNode10After":1594252800000,"minVersion":"3.0.5","node8DeploysDisabledAfter":1613390400000,"node8RuntimeDisabledAfter":1615809600000,"node8WarnAfter":1600128000000}
[debug] [2026-05-21T07:15:06.088Z] <<< [apiv2][status] POST https://cloudresourcemanager.googleapis.com/v1/projects/notes-7f730:testIamPermissions 200
[debug] [2026-05-21T07:15:06.089Z] <<< [apiv2][body] POST https://cloudresourcemanager.googleapis.com/v1/projects/notes-7f730:testIamPermissions {"permissions":["datastore.indexes.create","datastore.indexes.delete","datastore.indexes.list","datastore.indexes.update","firebase.projects.get","firebasehosting.sites.update"]}
[debug] [2026-05-21T07:15:06.090Z] Checked if tokens are valid: true, expires at: 1779351303636
[debug] [2026-05-21T07:15:06.090Z] Checked if tokens are valid: true, expires at: 1779351303636
[debug] [2026-05-21T07:15:06.091Z] >>> [apiv2][query] GET https://firebase.googleapis.com/v1beta1/projects/notes-7f730 [none]
[debug] [2026-05-21T07:15:06.619Z] <<< [apiv2][status] GET https://firebase.googleapis.com/v1beta1/projects/notes-7f730 200
[debug] [2026-05-21T07:15:06.619Z] <<< [apiv2][body] GET https://firebase.googleapis.com/v1beta1/projects/notes-7f730 {"projectId":"notes-7f730","projectNumber":"182440499371","displayName":"notes","name":"projects/notes-7f730","resources":{"hostingSite":"notes-7f730"},"state":"ACTIVE","etag":"1_b1a2e94f-5287-42b4-862c-29c4a9e3e2d1"}
[debug] [2026-05-21T07:15:11.095Z] defaultcredentials: writing to file C:\Users\ASUS\AppData\Roaming\firebase\tusharsoni_webdev_gmail.com_application_default_credentials.json
[debug] [2026-05-21T07:15:11.098Z] Checked if tokens are valid: true, expires at: 1779351303636
[debug] [2026-05-21T07:15:11.098Z] Checked if tokens are valid: true, expires at: 1779351303636
[debug] [2026-05-21T07:15:11.099Z] >>> [apiv2][query] GET https://firebasehosting.googleapis.com/v1beta1/projects/notes-7f730/sites pageToken=&pageSize=10
[debug] [2026-05-21T07:15:12.660Z] <<< [apiv2][status] GET https://firebasehosting.googleapis.com/v1beta1/projects/notes-7f730/sites 200
[debug] [2026-05-21T07:15:12.660Z] <<< [apiv2][body] GET https://firebasehosting.googleapis.com/v1beta1/projects/notes-7f730/sites {"sites":[{"name":"projects/notes-7f730/sites/notes-7f730","defaultUrl":"https://notes-7f730.web.app","appId":"1:182440499371:web:e1cfce970e604e24507fee","type":"DEFAULT_SITE"}]}
[debug] [2026-05-21T07:15:12.661Z] Checked if tokens are valid: true, expires at: 1779351303636
[debug] [2026-05-21T07:15:12.661Z] Checked if tokens are valid: true, expires at: 1779351303636
[debug] [2026-05-21T07:15:12.662Z] >>> [apiv2][query] GET https://firebase.googleapis.com/v1beta1/projects/-/webApps/1:182440499371:web:e1cfce970e604e24507fee/config [none]
[debug] [2026-05-21T07:15:13.670Z] <<< [apiv2][status] GET https://firebase.googleapis.com/v1beta1/projects/-/webApps/1:182440499371:web:e1cfce970e604e24507fee/config 200
[debug] [2026-05-21T07:15:13.671Z] <<< [apiv2][body] GET https://firebase.googleapis.com/v1beta1/projects/-/webApps/1:182440499371:web:e1cfce970e604e24507fee/config {"projectId":"notes-7f730","appId":"1:182440499371:web:e1cfce970e604e24507fee","storageBucket":"notes-7f730.firebasestorage.app","apiKey":"AIzaSyC5IEdOlGLeERkUvxWrUh5VKZJGrbzNuqg","authDomain":"notes-7f730.firebaseapp.com","messagingSenderId":"182440499371","measurementId":"G-DZDJ18W770","projectNumber":"182440499371","version":"2"}
[info] 
   Thank you for trying our early preview of Next.js support on Firebase Hosting.
   During the preview, support is best-effort and breaking changes can be expected. Proceed with caution.
   The integration is known to work with Next.js version 12 - 15.0. You may encounter errors.

   Documentation: https://firebase.google.com/docs/hosting/frameworks/nextjs
   File a bug: https://github.com/firebase/firebase-tools/issues/new?template=bug_report.md
   Submit a feature request: https://github.com/firebase/firebase-tools/issues/new?template=feature_request.md

   We'd love to learn from you. Express your interest in helping us shape the future of Firebase Hosting: https://goo.gle/41enW5X

[debug] [2026-05-21T07:15:23.497Z] Checked if tokens are valid: true, expires at: 1779351303636
[debug] [2026-05-21T07:15:23.497Z] Checked if tokens are valid: true, expires at: 1779351303636
[debug] [2026-05-21T07:15:23.497Z] >>> [apiv2][query] GET https://firebasehosting.googleapis.com/v1beta1/projects/notes-7f730/sites/notes-7f730 [none]
[debug] [2026-05-21T07:15:24.947Z] <<< [apiv2][status] GET https://firebasehosting.googleapis.com/v1beta1/projects/notes-7f730/sites/notes-7f730 200
[debug] [2026-05-21T07:15:24.947Z] <<< [apiv2][body] GET https://firebasehosting.googleapis.com/v1beta1/projects/notes-7f730/sites/notes-7f730 {"name":"projects/notes-7f730/sites/notes-7f730","defaultUrl":"https://notes-7f730.web.app","appId":"1:182440499371:web:e1cfce970e604e24507fee","type":"DEFAULT_SITE"}
[info] ▲ Next.js 16.2.1 (Turbopack)

[info] - Environments: .env.local


[info]   Creating an optimized production build ...

[info] ✓ Compiled successfully in 19.1s

[info]   Running TypeScript ...

[info] Failed to type check.


[info] .next/dev/types/validator.ts:5:50
Type error: Module '"./routes.js"' has no exported member 'AppRouteHandlerRoutes'.

  3 | // This file validates that all pages and layouts export the correct types
  4 |
> 5 | import type { AppRoutes, LayoutRoutes, ParamMap, AppRouteHandlerRoutes } from "./routes.js"
    |                                                  ^
  6 | import type { ResolvingMetadata, ResolvingViewport } from "next/types.js"
  7 | import type { NextRequest } from 'next/server.js'
  8 |

[info] Next.js build worker exited with code: 1 and signal: null

[debug] [2026-05-21T07:16:12.020Z] Error: ENOENT: no such file or directory, open 'D:\Projects\AI Projects\notes\.next\export-marker.json'
[error] 
[error] Error: An unexpected error has occurred.
